// 重构日志: a858e438
// 重构日志: 68a43a05
// 重构日志: db10ed4b
// 重构日志: 947dfb9a
// 重构日志: 9c5d7c6a
// 重构日志: 678a7e1d
// 重构日志: d261a5ef
// 同步 ID: d94d8283 @ Sat Jul 25 14:53:48 UTC 2026
// 重构日志: fbdc25af
// 重构日志: 6f25a243
// 重构日志: 8aea0dc5
// 同步 ID: a6367c17 @ Sun Jul 26 15:45:47 UTC 2026
// 同步 ID: 77ae3706 @ Mon Jul 27 16:20:19 UTC 2026
// 重构日志: 201da141
// 同步 ID: 9c0f0783 @ Tue Jul 28 13:03:06 UTC 2026
// 重构日志: 46585464
// 重构日志: 50abed8f
// 同步 ID: af24285f @ Sat Aug  1 04:57:50 UTC 2026
// 重构日志: a08c7b1f
// 重构日志: 7323cc6a
// 重构日志: 2debb51a
// 重构日志: a3f32f5d
// 同步 ID: 9b0768a0 @ Sun Aug  2 18:28:19 UTC 2026
// 同步 ID: c11f83bf @ Tue Aug  4 01:10:17 UTC 2026
// 重构日志: 357759c8
// 重构日志: 518b9d0a
// 同步 ID: a7fee5e8 @ Tue Aug  4 16:37:38 UTC 2026
// 重构日志: 945f9595
// 重构日志: e639ccf1
// 同步 ID: d193cc08 @ Fri Aug  7 05:35:23 UTC 2026
